error: a uenv session is already running.
It is not possible to call 'uenv start' or 'uenv run' inside a uenv session.
You need to finish the current session by typing 'exit' or hitting '<ctrl-d>'.
error: a uenv session is already running.
It is not possible to call 'uenv start' or 'uenv run' inside a uenv session.
You need to finish the current session by typing 'exit' or hitting '<ctrl-d>'.
/capstor/scratch/cscs/luckeller/quatrex_env_new/lib/python3.13/site-packages/cupyx/jit/_interface.py:247: FutureWarning: cupyx.jit.rawkernel is experimental. The interface can change in the future.
  cupy._util.experimental('cupyx.jit.rawkernel')
/capstor/scratch/cscs/luckeller/quatrex/src/quatrex/core/config.py:1028: UserWarning: The CPU code will run sequentially which may impact performance.
  warnings.warn(
/capstor/scratch/cscs/luckeller/quatrex/src/quatrex/core/config.py:1028: UserWarning: The CPU code will run sequentially which may impact performance.
  warnings.warn(
/capstor/scratch/cscs/luckeller/quatrex_env_new/lib/python3.13/site-packages/cupyx/jit/_interface.py:247: FutureWarning: cupyx.jit.rawkernel is experimental. The interface can change in the future.
  cupy._util.experimental('cupyx.jit.rawkernel')
/capstor/scratch/cscs/luckeller/quatrex/src/qttools/boundary_conditions/boundary_system.py:352: RuntimeWarning: High error at rank 20 for left-slice(0, 437, None) of OBCSolver Spectral:
  Relative recursion error: 4.875e-01
  Absolute recursion error: 7.464e+03

  warnings.warn(
/capstor/scratch/cscs/luckeller/quatrex/src/qttools/boundary_conditions/boundary_system.py:352: RuntimeWarning: High error at rank 20 for left-slice(0, 437, None) of OBCSolver Spectral:
  Relative recursion error: 2.759e-01
  Absolute recursion error: 4.325e+00

  warnings.warn(
/capstor/scratch/cscs/luckeller/quatrex/src/qttools/boundary_conditions/boundary_system.py:352: RuntimeWarning: High error at rank 20 for left-slice(0, 437, None) of OBCSolver Spectral:
  Relative recursion error: 1.037e-01
  Absolute recursion error: 6.173e+00

  warnings.warn(
/capstor/scratch/cscs/luckeller/quatrex/src/qttools/boundary_conditions/boundary_system.py:352: RuntimeWarning: High error at rank 20 for left-slice(0, 437, None) of OBCSolver Spectral:
  Relative recursion error: 2.896e-01
  Absolute recursion error: 3.138e+03

  warnings.warn(
/capstor/scratch/cscs/luckeller/quatrex/src/qttools/boundary_conditions/boundary_system.py:352: RuntimeWarning: High error at rank 20 for left-slice(0, 437, None) of OBCSolver Spectral:
  Relative recursion error: 1.664e-01
  Absolute recursion error: 8.278e+01

  warnings.warn(
/capstor/scratch/cscs/luckeller/quatrex/src/qttools/boundary_conditions/boundary_system.py:352: RuntimeWarning: High error at rank 20 for left-slice(0, 437, None) of OBCSolver Spectral:
  Relative recursion error: 1.715e-01
  Absolute recursion error: 2.020e+02

  warnings.warn(
/capstor/scratch/cscs/luckeller/quatrex/src/qttools/boundary_conditions/boundary_system.py:352: RuntimeWarning: High error at rank 20 for left-slice(0, 437, None) of OBCSolver Spectral:
  Relative recursion error: 1.681e-01
  Absolute recursion error: 3.247e+02

  warnings.warn(
/capstor/scratch/cscs/luckeller/quatrex/src/qttools/boundary_conditions/boundary_system.py:352: RuntimeWarning: High error at rank 20 for right-slice(0, 437, None) of OBCSolver Spectral:
  Relative recursion error: 1.585e-01
  Absolute recursion error: 2.592e+03

  warnings.warn(
/capstor/scratch/cscs/luckeller/quatrex/src/qttools/boundary_conditions/boundary_system.py:352: RuntimeWarning: High error at rank 20 for left-slice(0, 437, None) of OBCSolver Spectral:
  Relative recursion error: 1.651e-01
  Absolute recursion error: 3.961e+02

  warnings.warn(
/capstor/scratch/cscs/luckeller/quatrex/src/qttools/boundary_conditions/boundary_system.py:352: RuntimeWarning: High error at rank 20 for left-slice(0, 437, None) of OBCSolver Spectral:
  Relative recursion error: 1.632e-01
  Absolute recursion error: 4.284e+02

  warnings.warn(
/capstor/scratch/cscs/luckeller/quatrex/src/qttools/boundary_conditions/boundary_system.py:352: RuntimeWarning: High error at rank 20 for left-slice(0, 437, None) of OBCSolver Spectral:
  Relative recursion error: 1.629e-01
  Absolute recursion error: 4.410e+02

  warnings.warn(
/capstor/scratch/cscs/luckeller/quatrex/src/qttools/boundary_conditions/boundary_system.py:352: RuntimeWarning: High error at rank 20 for left-slice(0, 437, None) of OBCSolver Spectral:
  Relative recursion error: 1.621e-01
  Absolute recursion error: 4.448e+02

  warnings.warn(
/capstor/scratch/cscs/luckeller/quatrex/src/qttools/boundary_conditions/boundary_system.py:352: RuntimeWarning: High error at rank 20 for left-slice(0, 437, None) of OBCSolver Spectral:
  Relative recursion error: 1.614e-01
  Absolute recursion error: 4.454e+02

  warnings.warn(
/capstor/scratch/cscs/luckeller/quatrex/src/qttools/boundary_conditions/boundary_system.py:352: RuntimeWarning: High error at rank 20 for left-slice(0, 437, None) of OBCSolver Spectral:
  Relative recursion error: 1.612e-01
  Absolute recursion error: 4.449e+02

  warnings.warn(
/capstor/scratch/cscs/luckeller/quatrex/src/qttools/boundary_conditions/boundary_system.py:352: RuntimeWarning: High error at rank 20 for left-slice(0, 437, None) of OBCSolver Spectral:
  Relative recursion error: 1.613e-01
  Absolute recursion error: 4.446e+02

  warnings.warn(
/capstor/scratch/cscs/luckeller/quatrex/src/qttools/boundary_conditions/boundary_system.py:352: RuntimeWarning: High error at rank 20 for left-slice(0, 437, None) of OBCSolver Spectral:
  Relative recursion error: 1.611e-01
  Absolute recursion error: 4.439e+02

  warnings.warn(
/capstor/scratch/cscs/luckeller/quatrex/src/qttools/boundary_conditions/boundary_system.py:352: RuntimeWarning: High error at rank 20 for left-slice(0, 437, None) of OBCSolver Spectral:
  Relative recursion error: 1.610e-01
  Absolute recursion error: 4.434e+02

  warnings.warn(
/capstor/scratch/cscs/luckeller/quatrex/src/qttools/boundary_conditions/boundary_system.py:352: RuntimeWarning: High error at rank 20 for left-slice(0, 437, None) of OBCSolver Spectral:
  Relative recursion error: 1.612e-01
  Absolute recursion error: 4.430e+02

  warnings.warn(
/capstor/scratch/cscs/luckeller/quatrex/src/qttools/boundary_conditions/boundary_system.py:352: RuntimeWarning: High error at rank 20 for left-slice(0, 437, None) of OBCSolver Spectral:
  Relative recursion error: 1.612e-01
  Absolute recursion error: 4.429e+02

  warnings.warn(
/capstor/scratch/cscs/luckeller/quatrex/src/qttools/boundary_conditions/boundary_system.py:352: RuntimeWarning: High error at rank 20 for left-slice(0, 437, None) of OBCSolver Spectral:
  Relative recursion error: 1.610e-01
  Absolute recursion error: 4.429e+02

  warnings.warn(
/capstor/scratch/cscs/luckeller/quatrex/src/qttools/boundary_conditions/boundary_system.py:352: RuntimeWarning: High error at rank 20 for left-slice(0, 437, None) of OBCSolver Spectral:
  Relative recursion error: 1.610e-01
  Absolute recursion error: 4.428e+02

  warnings.warn(
/capstor/scratch/cscs/luckeller/quatrex/src/qttools/boundary_conditions/boundary_system.py:352: RuntimeWarning: High error at rank 20 for left-slice(0, 437, None) of OBCSolver Spectral:
  Relative recursion error: 1.608e-01
  Absolute recursion error: 4.427e+02

  warnings.warn(
/capstor/scratch/cscs/luckeller/quatrex/src/qttools/boundary_conditions/boundary_system.py:352: RuntimeWarning: High error at rank 20 for left-slice(0, 437, None) of OBCSolver Spectral:
  Relative recursion error: 1.607e-01
  Absolute recursion error: 4.426e+02

  warnings.warn(
/capstor/scratch/cscs/luckeller/quatrex/src/qttools/boundary_conditions/boundary_system.py:352: RuntimeWarning: High error at rank 20 for left-slice(0, 437, None) of OBCSolver Spectral:
  Relative recursion error: 1.610e-01
  Absolute recursion error: 4.427e+02

  warnings.warn(
/capstor/scratch/cscs/luckeller/quatrex/src/qttools/boundary_conditions/boundary_system.py:352: RuntimeWarning: High error at rank 20 for left-slice(0, 437, None) of OBCSolver Spectral:
  Relative recursion error: 1.608e-01
  Absolute recursion error: 4.426e+02

  warnings.warn(
/capstor/scratch/cscs/luckeller/quatrex/src/qttools/boundary_conditions/boundary_system.py:352: RuntimeWarning: High error at rank 20 for left-slice(0, 437, None) of OBCSolver Spectral:
  Relative recursion error: 1.608e-01
  Absolute recursion error: 4.426e+02

  warnings.warn(
/capstor/scratch/cscs/luckeller/quatrex/src/qttools/boundary_conditions/boundary_system.py:352: RuntimeWarning: High error at rank 20 for left-slice(0, 437, None) of OBCSolver Spectral:
  Relative recursion error: 1.613e-01
  Absolute recursion error: 4.426e+02

  warnings.warn(
/capstor/scratch/cscs/luckeller/quatrex/src/qttools/boundary_conditions/boundary_system.py:352: RuntimeWarning: High error at rank 20 for left-slice(0, 437, None) of OBCSolver Spectral:
  Relative recursion error: 1.608e-01
  Absolute recursion error: 4.426e+02

  warnings.warn(
/capstor/scratch/cscs/luckeller/quatrex/src/qttools/boundary_conditions/boundary_system.py:352: RuntimeWarning: High error at rank 20 for left-slice(0, 437, None) of OBCSolver Spectral:
  Relative recursion error: 1.610e-01
  Absolute recursion error: 4.426e+02

  warnings.warn(
/capstor/scratch/cscs/luckeller/quatrex/src/qttools/boundary_conditions/boundary_system.py:352: RuntimeWarning: High error at rank 20 for left-slice(0, 437, None) of OBCSolver Spectral:
  Relative recursion error: 1.608e-01
  Absolute recursion error: 4.426e+02

  warnings.warn(
/capstor/scratch/cscs/luckeller/quatrex/src/qttools/boundary_conditions/boundary_system.py:352: RuntimeWarning: High error at rank 20 for left-slice(0, 437, None) of OBCSolver Spectral:
  Relative recursion error: 1.610e-01
  Absolute recursion error: 4.426e+02

  warnings.warn(
/capstor/scratch/cscs/luckeller/quatrex/src/qttools/boundary_conditions/boundary_system.py:352: RuntimeWarning: High error at rank 20 for left-slice(0, 437, None) of OBCSolver Spectral:
  Relative recursion error: 1.612e-01
  Absolute recursion error: 4.426e+02

  warnings.warn(
/capstor/scratch/cscs/luckeller/quatrex/src/qttools/boundary_conditions/boundary_system.py:352: RuntimeWarning: High error at rank 20 for left-slice(0, 437, None) of OBCSolver Spectral:
  Relative recursion error: 1.613e-01
  Absolute recursion error: 4.426e+02

  warnings.warn(
/capstor/scratch/cscs/luckeller/quatrex/src/qttools/boundary_conditions/boundary_system.py:352: RuntimeWarning: High error at rank 20 for left-slice(0, 437, None) of OBCSolver Spectral:
  Relative recursion error: 1.609e-01
  Absolute recursion error: 4.426e+02

  warnings.warn(
/capstor/scratch/cscs/luckeller/quatrex/src/qttools/boundary_conditions/boundary_system.py:352: RuntimeWarning: High error at rank 20 for left-slice(0, 437, None) of OBCSolver Spectral:
  Relative recursion error: 1.607e-01
  Absolute recursion error: 4.426e+02

  warnings.warn(
/capstor/scratch/cscs/luckeller/quatrex/src/qttools/boundary_conditions/boundary_system.py:352: RuntimeWarning: High error at rank 20 for left-slice(0, 437, None) of OBCSolver Spectral:
  Relative recursion error: 1.611e-01
  Absolute recursion error: 4.426e+02

  warnings.warn(
/capstor/scratch/cscs/luckeller/quatrex/src/qttools/boundary_conditions/boundary_system.py:352: RuntimeWarning: High error at rank 20 for left-slice(0, 437, None) of OBCSolver Spectral:
  Relative recursion error: 1.610e-01
  Absolute recursion error: 4.426e+02

  warnings.warn(
/capstor/scratch/cscs/luckeller/quatrex/src/qttools/boundary_conditions/boundary_system.py:352: RuntimeWarning: High error at rank 20 for left-slice(0, 437, None) of OBCSolver Spectral:
  Relative recursion error: 1.611e-01
  Absolute recursion error: 4.426e+02

  warnings.warn(
/capstor/scratch/cscs/luckeller/quatrex/src/qttools/boundary_conditions/boundary_system.py:352: RuntimeWarning: High error at rank 20 for left-slice(0, 437, None) of OBCSolver Spectral:
  Relative recursion error: 1.611e-01
  Absolute recursion error: 4.426e+02

  warnings.warn(
/capstor/scratch/cscs/luckeller/quatrex/src/qttools/boundary_conditions/boundary_system.py:352: RuntimeWarning: High error at rank 20 for left-slice(0, 437, None) of OBCSolver Spectral:
  Relative recursion error: 1.610e-01
  Absolute recursion error: 4.426e+02

  warnings.warn(
/capstor/scratch/cscs/luckeller/quatrex/src/qttools/boundary_conditions/boundary_system.py:352: RuntimeWarning: High error at rank 20 for left-slice(0, 437, None) of OBCSolver Spectral:
  Relative recursion error: 1.609e-01
  Absolute recursion error: 4.426e+02

  warnings.warn(
/capstor/scratch/cscs/luckeller/quatrex/src/qttools/boundary_conditions/boundary_system.py:352: RuntimeWarning: High error at rank 20 for left-slice(0, 437, None) of OBCSolver Spectral:
  Relative recursion error: 1.613e-01
  Absolute recursion error: 4.426e+02

  warnings.warn(
/capstor/scratch/cscs/luckeller/quatrex/src/qttools/boundary_conditions/boundary_system.py:352: RuntimeWarning: High error at rank 20 for left-slice(0, 437, None) of OBCSolver Spectral:
  Relative recursion error: 1.611e-01
  Absolute recursion error: 4.426e+02

  warnings.warn(
/capstor/scratch/cscs/luckeller/quatrex/src/qttools/boundary_conditions/boundary_system.py:352: RuntimeWarning: High error at rank 20 for left-slice(0, 437, None) of OBCSolver Spectral:
  Relative recursion error: 1.609e-01
  Absolute recursion error: 4.426e+02

  warnings.warn(
/capstor/scratch/cscs/luckeller/quatrex/src/qttools/boundary_conditions/boundary_system.py:352: RuntimeWarning: High error at rank 20 for left-slice(0, 437, None) of OBCSolver Spectral:
  Relative recursion error: 1.609e-01
  Absolute recursion error: 4.426e+02

  warnings.warn(
/capstor/scratch/cscs/luckeller/quatrex/src/qttools/boundary_conditions/boundary_system.py:352: RuntimeWarning: High error at rank 20 for left-slice(0, 437, None) of OBCSolver Spectral:
  Relative recursion error: 1.612e-01
  Absolute recursion error: 4.426e+02

  warnings.warn(
/capstor/scratch/cscs/luckeller/quatrex/src/qttools/boundary_conditions/boundary_system.py:352: RuntimeWarning: High error at rank 20 for left-slice(0, 437, None) of OBCSolver Spectral:
  Relative recursion error: 1.608e-01
  Absolute recursion error: 4.426e+02

  warnings.warn(
/capstor/scratch/cscs/luckeller/quatrex/src/qttools/boundary_conditions/boundary_system.py:352: RuntimeWarning: High error at rank 20 for left-slice(0, 437, None) of OBCSolver Spectral:
  Relative recursion error: 1.611e-01
  Absolute recursion error: 4.426e+02

  warnings.warn(
/capstor/scratch/cscs/luckeller/quatrex/src/qttools/boundary_conditions/boundary_system.py:352: RuntimeWarning: High error at rank 20 for left-slice(0, 437, None) of OBCSolver Spectral:
  Relative recursion error: 1.611e-01
  Absolute recursion error: 4.426e+02

  warnings.warn(
/capstor/scratch/cscs/luckeller/quatrex/src/qttools/boundary_conditions/boundary_system.py:352: RuntimeWarning: High error at rank 20 for left-slice(0, 437, None) of OBCSolver Spectral:
  Relative recursion error: 1.608e-01
  Absolute recursion error: 4.426e+02

  warnings.warn(
/capstor/scratch/cscs/luckeller/quatrex/src/qttools/boundary_conditions/boundary_system.py:352: RuntimeWarning: High error at rank 20 for left-slice(0, 437, None) of OBCSolver Spectral:
  Relative recursion error: 1.612e-01
  Absolute recursion error: 4.426e+02

  warnings.warn(
/capstor/scratch/cscs/luckeller/quatrex/src/qttools/boundary_conditions/boundary_system.py:352: RuntimeWarning: High error at rank 20 for left-slice(0, 437, None) of OBCSolver Spectral:
  Relative recursion error: 1.614e-01
  Absolute recursion error: 4.426e+02

  warnings.warn(
/capstor/scratch/cscs/luckeller/quatrex/src/qttools/boundary_conditions/boundary_system.py:352: RuntimeWarning: High error at rank 20 for left-slice(0, 437, None) of OBCSolver Spectral:
  Relative recursion error: 1.609e-01
  Absolute recursion error: 4.426e+02

  warnings.warn(
/capstor/scratch/cscs/luckeller/quatrex/src/qttools/boundary_conditions/boundary_system.py:352: RuntimeWarning: High error at rank 20 for left-slice(0, 437, None) of OBCSolver Spectral:
  Relative recursion error: 1.610e-01
  Absolute recursion error: 4.426e+02

  warnings.warn(
/capstor/scratch/cscs/luckeller/quatrex/src/qttools/boundary_conditions/boundary_system.py:352: RuntimeWarning: High error at rank 20 for left-slice(0, 437, None) of OBCSolver Spectral:
  Relative recursion error: 1.610e-01
  Absolute recursion error: 4.426e+02

  warnings.warn(
/capstor/scratch/cscs/luckeller/quatrex/src/qttools/boundary_conditions/boundary_system.py:352: RuntimeWarning: High error at rank 20 for left-slice(0, 437, None) of OBCSolver Spectral:
  Relative recursion error: 1.610e-01
  Absolute recursion error: 4.426e+02

  warnings.warn(
/capstor/scratch/cscs/luckeller/quatrex/src/qttools/boundary_conditions/boundary_system.py:352: RuntimeWarning: High error at rank 20 for left-slice(0, 437, None) of OBCSolver Spectral:
  Relative recursion error: 1.606e-01
  Absolute recursion error: 4.426e+02

  warnings.warn(
/capstor/scratch/cscs/luckeller/quatrex/src/qttools/boundary_conditions/boundary_system.py:352: RuntimeWarning: High error at rank 20 for left-slice(0, 437, None) of OBCSolver Spectral:
  Relative recursion error: 1.609e-01
  Absolute recursion error: 4.426e+02

  warnings.warn(
/capstor/scratch/cscs/luckeller/quatrex/src/qttools/boundary_conditions/boundary_system.py:352: RuntimeWarning: High error at rank 20 for left-slice(0, 437, None) of OBCSolver Spectral:
  Relative recursion error: 1.607e-01
  Absolute recursion error: 4.426e+02

  warnings.warn(
/capstor/scratch/cscs/luckeller/quatrex/src/qttools/boundary_conditions/boundary_system.py:352: RuntimeWarning: High error at rank 20 for left-slice(0, 437, None) of OBCSolver Spectral:
  Relative recursion error: 1.612e-01
  Absolute recursion error: 4.426e+02

  warnings.warn(
/capstor/scratch/cscs/luckeller/quatrex/src/qttools/boundary_conditions/boundary_system.py:352: RuntimeWarning: High error at rank 20 for left-slice(0, 437, None) of OBCSolver Spectral:
  Relative recursion error: 1.612e-01
  Absolute recursion error: 4.426e+02

  warnings.warn(
/capstor/scratch/cscs/luckeller/quatrex/src/qttools/boundary_conditions/boundary_system.py:352: RuntimeWarning: High error at rank 20 for left-slice(0, 437, None) of OBCSolver Spectral:
  Relative recursion error: 1.611e-01
  Absolute recursion error: 4.426e+02

  warnings.warn(
/capstor/scratch/cscs/luckeller/quatrex/src/qttools/boundary_conditions/boundary_system.py:352: RuntimeWarning: High error at rank 20 for left-slice(0, 437, None) of OBCSolver Spectral:
  Relative recursion error: 1.608e-01
  Absolute recursion error: 4.426e+02

  warnings.warn(
/capstor/scratch/cscs/luckeller/quatrex/src/qttools/boundary_conditions/boundary_system.py:352: RuntimeWarning: High error at rank 20 for left-slice(0, 437, None) of OBCSolver Spectral:
  Relative recursion error: 1.610e-01
  Absolute recursion error: 4.426e+02

  warnings.warn(
/capstor/scratch/cscs/luckeller/quatrex/src/qttools/boundary_conditions/boundary_system.py:352: RuntimeWarning: High error at rank 20 for left-slice(0, 437, None) of OBCSolver Spectral:
  Relative recursion error: 1.612e-01
  Absolute recursion error: 4.426e+02

  warnings.warn(
/capstor/scratch/cscs/luckeller/quatrex/src/qttools/boundary_conditions/boundary_system.py:352: RuntimeWarning: High error at rank 20 for left-slice(0, 437, None) of OBCSolver Spectral:
  Relative recursion error: 1.612e-01
  Absolute recursion error: 4.426e+02

  warnings.warn(
/capstor/scratch/cscs/luckeller/quatrex/src/qttools/boundary_conditions/boundary_system.py:352: RuntimeWarning: High error at rank 20 for left-slice(0, 437, None) of OBCSolver Spectral:
  Relative recursion error: 1.612e-01
  Absolute recursion error: 4.426e+02

  warnings.warn(
/capstor/scratch/cscs/luckeller/quatrex/src/qttools/boundary_conditions/boundary_system.py:352: RuntimeWarning: High error at rank 20 for left-slice(0, 437, None) of OBCSolver Spectral:
  Relative recursion error: 1.609e-01
  Absolute recursion error: 4.426e+02

  warnings.warn(
/capstor/scratch/cscs/luckeller/quatrex/src/qttools/boundary_conditions/boundary_system.py:352: RuntimeWarning: High error at rank 20 for left-slice(0, 437, None) of OBCSolver Spectral:
  Relative recursion error: 1.609e-01
  Absolute recursion error: 4.426e+02

  warnings.warn(
/capstor/scratch/cscs/luckeller/quatrex/src/qttools/boundary_conditions/boundary_system.py:352: RuntimeWarning: High error at rank 20 for left-slice(0, 437, None) of OBCSolver Spectral:
  Relative recursion error: 1.609e-01
  Absolute recursion error: 4.426e+02

  warnings.warn(
/capstor/scratch/cscs/luckeller/quatrex/src/qttools/boundary_conditions/boundary_system.py:352: RuntimeWarning: High error at rank 20 for left-slice(0, 437, None) of OBCSolver Spectral:
  Relative recursion error: 1.610e-01
  Absolute recursion error: 4.426e+02

  warnings.warn(
/capstor/scratch/cscs/luckeller/quatrex/src/qttools/boundary_conditions/boundary_system.py:352: RuntimeWarning: High error at rank 20 for left-slice(0, 437, None) of OBCSolver Spectral:
  Relative recursion error: 1.611e-01
  Absolute recursion error: 4.426e+02

  warnings.warn(
/capstor/scratch/cscs/luckeller/quatrex/src/qttools/boundary_conditions/boundary_system.py:352: RuntimeWarning: High error at rank 20 for left-slice(0, 437, None) of OBCSolver Spectral:
  Relative recursion error: 1.611e-01
  Absolute recursion error: 4.426e+02

  warnings.warn(
/capstor/scratch/cscs/luckeller/quatrex/src/qttools/boundary_conditions/boundary_system.py:352: RuntimeWarning: High error at rank 20 for left-slice(0, 437, None) of OBCSolver Spectral:
  Relative recursion error: 1.614e-01
  Absolute recursion error: 4.426e+02

  warnings.warn(
/capstor/scratch/cscs/luckeller/quatrex/src/qttools/boundary_conditions/boundary_system.py:352: RuntimeWarning: High error at rank 20 for left-slice(0, 437, None) of OBCSolver Spectral:
  Relative recursion error: 1.610e-01
  Absolute recursion error: 4.426e+02

  warnings.warn(
/capstor/scratch/cscs/luckeller/quatrex/src/qttools/boundary_conditions/boundary_system.py:352: RuntimeWarning: High error at rank 20 for left-slice(0, 437, None) of OBCSolver Spectral:
  Relative recursion error: 1.612e-01
  Absolute recursion error: 4.426e+02

  warnings.warn(
/capstor/scratch/cscs/luckeller/quatrex/src/qttools/boundary_conditions/boundary_system.py:352: RuntimeWarning: High error at rank 20 for left-slice(0, 437, None) of OBCSolver Spectral:
  Relative recursion error: 1.611e-01
  Absolute recursion error: 4.426e+02

  warnings.warn(
/capstor/scratch/cscs/luckeller/quatrex/src/qttools/boundary_conditions/boundary_system.py:352: RuntimeWarning: High error at rank 20 for left-slice(0, 437, None) of OBCSolver Spectral:
  Relative recursion error: 1.609e-01
  Absolute recursion error: 4.426e+02

  warnings.warn(
/capstor/scratch/cscs/luckeller/quatrex/src/qttools/boundary_conditions/boundary_system.py:352: RuntimeWarning: High error at rank 20 for left-slice(0, 437, None) of OBCSolver Spectral:
  Relative recursion error: 1.613e-01
  Absolute recursion error: 4.426e+02

  warnings.warn(
/capstor/scratch/cscs/luckeller/quatrex/src/qttools/boundary_conditions/boundary_system.py:352: RuntimeWarning: High error at rank 20 for left-slice(0, 437, None) of OBCSolver Spectral:
  Relative recursion error: 1.618e-01
  Absolute recursion error: 4.426e+02

  warnings.warn(
/capstor/scratch/cscs/luckeller/quatrex/src/qttools/boundary_conditions/boundary_system.py:352: RuntimeWarning: High error at rank 20 for left-slice(0, 437, None) of OBCSolver Spectral:
  Relative recursion error: 1.607e-01
  Absolute recursion error: 4.426e+02

  warnings.warn(
/capstor/scratch/cscs/luckeller/quatrex/src/qttools/boundary_conditions/boundary_system.py:352: RuntimeWarning: High error at rank 20 for left-slice(0, 437, None) of OBCSolver Spectral:
  Relative recursion error: 1.611e-01
  Absolute recursion error: 4.426e+02

  warnings.warn(
/capstor/scratch/cscs/luckeller/quatrex/src/qttools/boundary_conditions/boundary_system.py:352: RuntimeWarning: High error at rank 20 for left-slice(0, 437, None) of OBCSolver Spectral:
  Relative recursion error: 1.608e-01
  Absolute recursion error: 4.426e+02

  warnings.warn(
/capstor/scratch/cscs/luckeller/quatrex/src/qttools/boundary_conditions/boundary_system.py:352: RuntimeWarning: High error at rank 20 for left-slice(0, 437, None) of OBCSolver Spectral:
  Relative recursion error: 1.610e-01
  Absolute recursion error: 4.426e+02

  warnings.warn(
/capstor/scratch/cscs/luckeller/quatrex/src/qttools/boundary_conditions/boundary_system.py:352: RuntimeWarning: High error at rank 20 for left-slice(0, 437, None) of OBCSolver Spectral:
  Relative recursion error: 1.606e-01
  Absolute recursion error: 4.426e+02

  warnings.warn(
/capstor/scratch/cscs/luckeller/quatrex/src/qttools/boundary_conditions/boundary_system.py:352: RuntimeWarning: High error at rank 20 for left-slice(0, 437, None) of OBCSolver Spectral:
  Relative recursion error: 1.611e-01
  Absolute recursion error: 4.426e+02

  warnings.warn(
/capstor/scratch/cscs/luckeller/quatrex/src/qttools/boundary_conditions/boundary_system.py:352: RuntimeWarning: High error at rank 20 for left-slice(0, 437, None) of OBCSolver Spectral:
  Relative recursion error: 1.611e-01
  Absolute recursion error: 4.426e+02

  warnings.warn(
/capstor/scratch/cscs/luckeller/quatrex/src/qttools/boundary_conditions/boundary_system.py:352: RuntimeWarning: High error at rank 20 for left-slice(0, 437, None) of OBCSolver Spectral:
  Relative recursion error: 1.610e-01
  Absolute recursion error: 4.426e+02

  warnings.warn(
/capstor/scratch/cscs/luckeller/quatrex/src/qttools/boundary_conditions/boundary_system.py:352: RuntimeWarning: High error at rank 20 for left-slice(0, 437, None) of OBCSolver Spectral:
  Relative recursion error: 1.611e-01
  Absolute recursion error: 4.426e+02

  warnings.warn(
/capstor/scratch/cscs/luckeller/quatrex/src/qttools/boundary_conditions/boundary_system.py:352: RuntimeWarning: High error at rank 20 for left-slice(0, 437, None) of OBCSolver Spectral:
  Relative recursion error: 1.609e-01
  Absolute recursion error: 4.426e+02

  warnings.warn(
/capstor/scratch/cscs/luckeller/quatrex/src/qttools/boundary_conditions/boundary_system.py:352: RuntimeWarning: High error at rank 20 for left-slice(0, 437, None) of OBCSolver Spectral:
  Relative recursion error: 1.614e-01
  Absolute recursion error: 4.426e+02

  warnings.warn(
/capstor/scratch/cscs/luckeller/quatrex/src/qttools/boundary_conditions/boundary_system.py:352: RuntimeWarning: High error at rank 20 for left-slice(0, 437, None) of OBCSolver Spectral:
  Relative recursion error: 1.609e-01
  Absolute recursion error: 4.426e+02

  warnings.warn(
/capstor/scratch/cscs/luckeller/quatrex/src/qttools/boundary_conditions/boundary_system.py:352: RuntimeWarning: High error at rank 20 for left-slice(0, 437, None) of OBCSolver Spectral:
  Relative recursion error: 1.608e-01
  Absolute recursion error: 4.426e+02

  warnings.warn(
/capstor/scratch/cscs/luckeller/quatrex/src/qttools/boundary_conditions/boundary_system.py:352: RuntimeWarning: High error at rank 20 for left-slice(0, 437, None) of OBCSolver Spectral:
  Relative recursion error: 1.609e-01
  Absolute recursion error: 4.426e+02

  warnings.warn(
/capstor/scratch/cscs/luckeller/quatrex/src/qttools/boundary_conditions/boundary_system.py:352: RuntimeWarning: High error at rank 20 for left-slice(0, 437, None) of OBCSolver Spectral:
  Relative recursion error: 1.612e-01
  Absolute recursion error: 4.426e+02

  warnings.warn(
/capstor/scratch/cscs/luckeller/quatrex/src/qttools/boundary_conditions/boundary_system.py:352: RuntimeWarning: High error at rank 20 for left-slice(0, 437, None) of OBCSolver Spectral:
  Relative recursion error: 1.605e-01
  Absolute recursion error: 4.426e+02

  warnings.warn(
/capstor/scratch/cscs/luckeller/quatrex/src/qttools/boundary_conditions/boundary_system.py:352: RuntimeWarning: High error at rank 20 for left-slice(0, 437, None) of OBCSolver Spectral:
  Relative recursion error: 1.609e-01
  Absolute recursion error: 4.426e+02

  warnings.warn(
/capstor/scratch/cscs/luckeller/quatrex/src/qttools/boundary_conditions/boundary_system.py:352: RuntimeWarning: High error at rank 20 for left-slice(0, 437, None) of OBCSolver Spectral:
  Relative recursion error: 1.611e-01
  Absolute recursion error: 4.426e+02

  warnings.warn(
/capstor/scratch/cscs/luckeller/quatrex/src/qttools/boundary_conditions/boundary_system.py:352: RuntimeWarning: High error at rank 20 for left-slice(0, 437, None) of OBCSolver Spectral:
  Relative recursion error: 1.608e-01
  Absolute recursion error: 4.426e+02

  warnings.warn(
