error: a uenv session is already running.
It is not possible to call 'uenv start' or 'uenv run' inside a uenv session.
You need to finish the current session by typing 'exit' or hitting '<ctrl-d>'.

EnvironmentLocationNotFound: Not a conda environment: /capstor/scratch/cscs/luckeller/quatrex_env_new

error: a uenv session is already running.
It is not possible to call 'uenv start' or 'uenv run' inside a uenv session.
You need to finish the current session by typing 'exit' or hitting '<ctrl-d>'.

EnvironmentLocationNotFound: Not a conda environment: /capstor/scratch/cscs/luckeller/quatrex_env_new

/users/luckeller/miniconda3/lib/python3.13/site-packages/cupyx/jit/_interface.py:247: FutureWarning: cupyx.jit.rawkernel is experimental. The interface can change in the future.
  cupy._util.experimental('cupyx.jit.rawkernel')
/capstor/scratch/cscs/luckeller/quatrex/src/quatrex/core/config.py:1022: UserWarning: The CPU code will run sequentially which may impact performance.
  warnings.warn(
/capstor/scratch/cscs/luckeller/quatrex/src/quatrex/core/config.py:1022: UserWarning: The CPU code will run sequentially which may impact performance.
  warnings.warn(
/users/luckeller/miniconda3/lib/python3.13/site-packages/cupyx/jit/_interface.py:247: FutureWarning: cupyx.jit.rawkernel is experimental. The interface can change in the future.
  cupy._util.experimental('cupyx.jit.rawkernel')
/capstor/scratch/cscs/luckeller/quatrex/src/qttools/boundary_conditions/boundary_system.py:352: RuntimeWarning: High error at rank 20 for left-slice(0, 437, None) of OBCSolver Spectral:
  Relative recursion error: 6.131e-01
  Absolute recursion error: 1.089e+04

  warnings.warn(
/capstor/scratch/cscs/luckeller/quatrex/src/qttools/boundary_conditions/boundary_system.py:352: RuntimeWarning: High error at rank 20 for left-slice(0, 437, None) of OBCSolver Spectral:
  Relative recursion error: 2.664e-01
  Absolute recursion error: 4.371e+00

  warnings.warn(
/capstor/scratch/cscs/luckeller/quatrex/src/qttools/boundary_conditions/boundary_system.py:352: RuntimeWarning: High error at rank 20 for left-slice(0, 437, None) of OBCSolver Spectral:
  Relative recursion error: 1.026e-01
  Absolute recursion error: 6.039e+00

  warnings.warn(
/capstor/scratch/cscs/luckeller/quatrex/src/qttools/boundary_conditions/boundary_system.py:352: RuntimeWarning: High error at rank 20 for left-slice(0, 437, None) of OBCSolver Spectral:
  Relative recursion error: 3.299e-01
  Absolute recursion error: 3.951e+03

  warnings.warn(
/capstor/scratch/cscs/luckeller/quatrex/src/qttools/boundary_conditions/boundary_system.py:352: RuntimeWarning: High error at rank 20 for left-slice(0, 437, None) of OBCSolver Spectral:
  Relative recursion error: 1.701e-01
  Absolute recursion error: 7.960e+01

  warnings.warn(
/capstor/scratch/cscs/luckeller/quatrex/src/qttools/boundary_conditions/boundary_system.py:352: RuntimeWarning: High error at rank 20 for left-slice(0, 437, None) of OBCSolver Spectral:
  Relative recursion error: 1.781e-01
  Absolute recursion error: 1.861e+02

  warnings.warn(
/capstor/scratch/cscs/luckeller/quatrex/src/qttools/boundary_conditions/boundary_system.py:352: RuntimeWarning: High error at rank 20 for left-slice(0, 437, None) of OBCSolver Spectral:
  Relative recursion error: 1.629e-01
  Absolute recursion error: 2.478e+02

  warnings.warn(
/capstor/scratch/cscs/luckeller/quatrex/src/qttools/boundary_conditions/boundary_system.py:352: RuntimeWarning: High error at rank 20 for right-slice(0, 437, None) of OBCSolver Spectral:
  Relative recursion error: 1.725e-01
  Absolute recursion error: 3.031e+03

  warnings.warn(
/capstor/scratch/cscs/luckeller/quatrex/src/qttools/boundary_conditions/boundary_system.py:352: RuntimeWarning: High error at rank 20 for left-slice(0, 437, None) of OBCSolver Spectral:
  Relative recursion error: 1.646e-01
  Absolute recursion error: 4.547e+02

  warnings.warn(
/capstor/scratch/cscs/luckeller/quatrex/src/qttools/boundary_conditions/boundary_system.py:352: RuntimeWarning: High error at rank 20 for left-slice(0, 437, None) of OBCSolver Spectral:
  Relative recursion error: 1.620e-01
  Absolute recursion error: 3.984e+02

  warnings.warn(
/capstor/scratch/cscs/luckeller/quatrex/src/qttools/boundary_conditions/boundary_system.py:352: RuntimeWarning: High error at rank 20 for left-slice(0, 437, None) of OBCSolver Spectral:
  Relative recursion error: 1.594e-01
  Absolute recursion error: 3.804e+02

  warnings.warn(
/capstor/scratch/cscs/luckeller/quatrex/src/qttools/boundary_conditions/boundary_system.py:352: RuntimeWarning: High error at rank 20 for left-slice(0, 437, None) of OBCSolver Spectral:
  Relative recursion error: 1.631e-01
  Absolute recursion error: 3.579e+02

  warnings.warn(
/capstor/scratch/cscs/luckeller/quatrex/src/qttools/boundary_conditions/boundary_system.py:352: RuntimeWarning: High error at rank 20 for left-slice(0, 437, None) of OBCSolver Spectral:
  Relative recursion error: 1.590e-01
  Absolute recursion error: 3.949e+02

  warnings.warn(
/capstor/scratch/cscs/luckeller/quatrex/src/qttools/boundary_conditions/boundary_system.py:352: RuntimeWarning: High error at rank 20 for left-slice(0, 437, None) of OBCSolver Spectral:
  Relative recursion error: 1.558e-01
  Absolute recursion error: 3.771e+02

  warnings.warn(
/capstor/scratch/cscs/luckeller/quatrex/src/qttools/boundary_conditions/boundary_system.py:352: RuntimeWarning: High error at rank 20 for left-slice(0, 437, None) of OBCSolver Spectral:
  Relative recursion error: 1.551e-01
  Absolute recursion error: 3.528e+02

  warnings.warn(
/capstor/scratch/cscs/luckeller/quatrex/src/qttools/boundary_conditions/boundary_system.py:352: RuntimeWarning: High error at rank 20 for left-slice(0, 437, None) of OBCSolver Spectral:
  Relative recursion error: 1.542e-01
  Absolute recursion error: 3.586e+02

  warnings.warn(
/capstor/scratch/cscs/luckeller/quatrex/src/qttools/boundary_conditions/boundary_system.py:352: RuntimeWarning: High error at rank 20 for left-slice(0, 437, None) of OBCSolver Spectral:
  Relative recursion error: 1.545e-01
  Absolute recursion error: 3.577e+02

  warnings.warn(
/capstor/scratch/cscs/luckeller/quatrex/src/qttools/boundary_conditions/boundary_system.py:352: RuntimeWarning: High error at rank 20 for left-slice(0, 437, None) of OBCSolver Spectral:
  Relative recursion error: 1.546e-01
  Absolute recursion error: 3.584e+02

  warnings.warn(
/capstor/scratch/cscs/luckeller/quatrex/src/qttools/boundary_conditions/boundary_system.py:352: RuntimeWarning: High error at rank 20 for left-slice(0, 437, None) of OBCSolver Spectral:
  Relative recursion error: 1.552e-01
  Absolute recursion error: 3.578e+02

  warnings.warn(
/capstor/scratch/cscs/luckeller/quatrex/src/qttools/boundary_conditions/boundary_system.py:352: RuntimeWarning: High error at rank 20 for left-slice(0, 437, None) of OBCSolver Spectral:
  Relative recursion error: 1.546e-01
  Absolute recursion error: 3.581e+02

  warnings.warn(
/capstor/scratch/cscs/luckeller/quatrex/src/qttools/boundary_conditions/boundary_system.py:352: RuntimeWarning: High error at rank 20 for left-slice(0, 437, None) of OBCSolver Spectral:
  Relative recursion error: 1.550e-01
  Absolute recursion error: 3.590e+02

  warnings.warn(
/capstor/scratch/cscs/luckeller/quatrex/src/qttools/boundary_conditions/boundary_system.py:352: RuntimeWarning: High error at rank 20 for left-slice(0, 437, None) of OBCSolver Spectral:
  Relative recursion error: 1.550e-01
  Absolute recursion error: 3.584e+02

  warnings.warn(
/capstor/scratch/cscs/luckeller/quatrex/src/qttools/boundary_conditions/boundary_system.py:352: RuntimeWarning: High error at rank 20 for left-slice(0, 437, None) of OBCSolver Spectral:
  Relative recursion error: 1.549e-01
  Absolute recursion error: 3.589e+02

  warnings.warn(
/capstor/scratch/cscs/luckeller/quatrex/src/qttools/boundary_conditions/boundary_system.py:352: RuntimeWarning: High error at rank 20 for left-slice(0, 437, None) of OBCSolver Spectral:
  Relative recursion error: 1.552e-01
  Absolute recursion error: 3.596e+02

  warnings.warn(
/capstor/scratch/cscs/luckeller/quatrex/src/qttools/boundary_conditions/boundary_system.py:352: RuntimeWarning: High error at rank 20 for left-slice(0, 437, None) of OBCSolver Spectral:
  Relative recursion error: 1.549e-01
  Absolute recursion error: 3.597e+02

  warnings.warn(
/capstor/scratch/cscs/luckeller/quatrex/src/qttools/boundary_conditions/boundary_system.py:352: RuntimeWarning: High error at rank 20 for left-slice(0, 437, None) of OBCSolver Spectral:
  Relative recursion error: 1.553e-01
  Absolute recursion error: 3.594e+02

  warnings.warn(
/capstor/scratch/cscs/luckeller/quatrex/src/qttools/boundary_conditions/boundary_system.py:352: RuntimeWarning: High error at rank 20 for left-slice(0, 437, None) of OBCSolver Spectral:
  Relative recursion error: 1.545e-01
  Absolute recursion error: 3.594e+02

  warnings.warn(
/capstor/scratch/cscs/luckeller/quatrex/src/qttools/boundary_conditions/boundary_system.py:352: RuntimeWarning: High error at rank 20 for left-slice(0, 437, None) of OBCSolver Spectral:
  Relative recursion error: 1.550e-01
  Absolute recursion error: 3.594e+02

  warnings.warn(
/capstor/scratch/cscs/luckeller/quatrex/src/qttools/boundary_conditions/boundary_system.py:352: RuntimeWarning: High error at rank 20 for left-slice(0, 437, None) of OBCSolver Spectral:
  Relative recursion error: 1.545e-01
  Absolute recursion error: 3.596e+02

  warnings.warn(
/capstor/scratch/cscs/luckeller/quatrex/src/qttools/boundary_conditions/boundary_system.py:352: RuntimeWarning: High error at rank 20 for left-slice(0, 437, None) of OBCSolver Spectral:
  Relative recursion error: 1.551e-01
  Absolute recursion error: 3.595e+02

  warnings.warn(
/capstor/scratch/cscs/luckeller/quatrex/src/qttools/boundary_conditions/boundary_system.py:352: RuntimeWarning: High error at rank 20 for left-slice(0, 437, None) of OBCSolver Spectral:
  Relative recursion error: 1.550e-01
  Absolute recursion error: 3.596e+02

  warnings.warn(
/capstor/scratch/cscs/luckeller/quatrex/src/qttools/boundary_conditions/boundary_system.py:352: RuntimeWarning: High error at rank 20 for left-slice(0, 437, None) of OBCSolver Spectral:
  Relative recursion error: 1.553e-01
  Absolute recursion error: 3.595e+02

  warnings.warn(
/capstor/scratch/cscs/luckeller/quatrex/src/qttools/boundary_conditions/boundary_system.py:352: RuntimeWarning: High error at rank 20 for left-slice(0, 437, None) of OBCSolver Spectral:
  Relative recursion error: 1.549e-01
  Absolute recursion error: 3.587e+02

  warnings.warn(
/capstor/scratch/cscs/luckeller/quatrex/src/qttools/boundary_conditions/boundary_system.py:352: RuntimeWarning: High error at rank 20 for left-slice(0, 437, None) of OBCSolver Spectral:
  Relative recursion error: 1.549e-01
  Absolute recursion error: 3.584e+02

  warnings.warn(
/capstor/scratch/cscs/luckeller/quatrex/src/qttools/boundary_conditions/boundary_system.py:352: RuntimeWarning: High error at rank 20 for left-slice(0, 437, None) of OBCSolver Spectral:
  Relative recursion error: 1.550e-01
  Absolute recursion error: 3.584e+02

  warnings.warn(
/capstor/scratch/cscs/luckeller/quatrex/src/qttools/boundary_conditions/boundary_system.py:352: RuntimeWarning: High error at rank 20 for left-slice(0, 437, None) of OBCSolver Spectral:
  Relative recursion error: 1.551e-01
  Absolute recursion error: 3.585e+02

  warnings.warn(
/capstor/scratch/cscs/luckeller/quatrex/src/qttools/boundary_conditions/boundary_system.py:352: RuntimeWarning: High error at rank 20 for left-slice(0, 437, None) of OBCSolver Spectral:
  Relative recursion error: 1.553e-01
  Absolute recursion error: 3.585e+02

  warnings.warn(
/capstor/scratch/cscs/luckeller/quatrex/src/qttools/boundary_conditions/boundary_system.py:352: RuntimeWarning: High error at rank 20 for left-slice(0, 437, None) of OBCSolver Spectral:
  Relative recursion error: 1.550e-01
  Absolute recursion error: 3.584e+02

  warnings.warn(
/capstor/scratch/cscs/luckeller/quatrex/src/qttools/boundary_conditions/boundary_system.py:352: RuntimeWarning: High error at rank 20 for left-slice(0, 437, None) of OBCSolver Spectral:
  Relative recursion error: 1.548e-01
  Absolute recursion error: 3.592e+02

  warnings.warn(
/capstor/scratch/cscs/luckeller/quatrex/src/qttools/boundary_conditions/boundary_system.py:352: RuntimeWarning: High error at rank 20 for left-slice(0, 437, None) of OBCSolver Spectral:
  Relative recursion error: 1.553e-01
  Absolute recursion error: 3.591e+02

  warnings.warn(
/capstor/scratch/cscs/luckeller/quatrex/src/qttools/boundary_conditions/boundary_system.py:352: RuntimeWarning: High error at rank 20 for left-slice(0, 437, None) of OBCSolver Spectral:
  Relative recursion error: 1.552e-01
  Absolute recursion error: 3.589e+02

  warnings.warn(
/capstor/scratch/cscs/luckeller/quatrex/src/qttools/boundary_conditions/boundary_system.py:352: RuntimeWarning: High error at rank 20 for left-slice(0, 437, None) of OBCSolver Spectral:
  Relative recursion error: 1.551e-01
  Absolute recursion error: 3.594e+02

  warnings.warn(
/capstor/scratch/cscs/luckeller/quatrex/src/qttools/boundary_conditions/boundary_system.py:352: RuntimeWarning: High error at rank 20 for left-slice(0, 437, None) of OBCSolver Spectral:
  Relative recursion error: 1.552e-01
  Absolute recursion error: 3.588e+02

  warnings.warn(
/capstor/scratch/cscs/luckeller/quatrex/src/qttools/boundary_conditions/boundary_system.py:352: RuntimeWarning: High error at rank 20 for left-slice(0, 437, None) of OBCSolver Spectral:
  Relative recursion error: 1.549e-01
  Absolute recursion error: 3.590e+02

  warnings.warn(
/capstor/scratch/cscs/luckeller/quatrex/src/qttools/boundary_conditions/boundary_system.py:352: RuntimeWarning: High error at rank 20 for left-slice(0, 437, None) of OBCSolver Spectral:
  Relative recursion error: 1.547e-01
  Absolute recursion error: 3.588e+02

  warnings.warn(
/capstor/scratch/cscs/luckeller/quatrex/src/qttools/boundary_conditions/boundary_system.py:352: RuntimeWarning: High error at rank 20 for left-slice(0, 437, None) of OBCSolver Spectral:
  Relative recursion error: 1.550e-01
  Absolute recursion error: 3.588e+02

  warnings.warn(
/capstor/scratch/cscs/luckeller/quatrex/src/qttools/boundary_conditions/boundary_system.py:352: RuntimeWarning: High error at rank 20 for left-slice(0, 437, None) of OBCSolver Spectral:
  Relative recursion error: 1.548e-01
  Absolute recursion error: 3.595e+02

  warnings.warn(
/capstor/scratch/cscs/luckeller/quatrex/src/qttools/boundary_conditions/boundary_system.py:352: RuntimeWarning: High error at rank 20 for left-slice(0, 437, None) of OBCSolver Spectral:
  Relative recursion error: 1.549e-01
  Absolute recursion error: 3.594e+02

  warnings.warn(
/capstor/scratch/cscs/luckeller/quatrex/src/qttools/boundary_conditions/boundary_system.py:352: RuntimeWarning: High error at rank 20 for left-slice(0, 437, None) of OBCSolver Spectral:
  Relative recursion error: 1.548e-01
  Absolute recursion error: 3.590e+02

  warnings.warn(
/capstor/scratch/cscs/luckeller/quatrex/src/qttools/boundary_conditions/boundary_system.py:352: RuntimeWarning: High error at rank 20 for left-slice(0, 437, None) of OBCSolver Spectral:
  Relative recursion error: 1.551e-01
  Absolute recursion error: 3.592e+02

  warnings.warn(
/capstor/scratch/cscs/luckeller/quatrex/src/qttools/boundary_conditions/boundary_system.py:352: RuntimeWarning: High error at rank 20 for left-slice(0, 437, None) of OBCSolver Spectral:
  Relative recursion error: 1.549e-01
  Absolute recursion error: 3.594e+02

  warnings.warn(
/capstor/scratch/cscs/luckeller/quatrex/src/qttools/boundary_conditions/boundary_system.py:352: RuntimeWarning: High error at rank 20 for left-slice(0, 437, None) of OBCSolver Spectral:
  Relative recursion error: 1.548e-01
  Absolute recursion error: 3.597e+02

  warnings.warn(
/capstor/scratch/cscs/luckeller/quatrex/src/qttools/boundary_conditions/boundary_system.py:352: RuntimeWarning: High error at rank 20 for left-slice(0, 437, None) of OBCSolver Spectral:
  Relative recursion error: 1.551e-01
  Absolute recursion error: 3.597e+02

  warnings.warn(
/capstor/scratch/cscs/luckeller/quatrex/src/qttools/boundary_conditions/boundary_system.py:352: RuntimeWarning: High error at rank 20 for left-slice(0, 437, None) of OBCSolver Spectral:
  Relative recursion error: 1.551e-01
  Absolute recursion error: 3.596e+02

  warnings.warn(
/capstor/scratch/cscs/luckeller/quatrex/src/qttools/boundary_conditions/boundary_system.py:352: RuntimeWarning: High error at rank 20 for left-slice(0, 437, None) of OBCSolver Spectral:
  Relative recursion error: 1.551e-01
  Absolute recursion error: 3.594e+02

  warnings.warn(
/capstor/scratch/cscs/luckeller/quatrex/src/qttools/boundary_conditions/boundary_system.py:352: RuntimeWarning: High error at rank 20 for left-slice(0, 437, None) of OBCSolver Spectral:
  Relative recursion error: 1.550e-01
  Absolute recursion error: 3.592e+02

  warnings.warn(
/capstor/scratch/cscs/luckeller/quatrex/src/qttools/boundary_conditions/boundary_system.py:352: RuntimeWarning: High error at rank 20 for left-slice(0, 437, None) of OBCSolver Spectral:
  Relative recursion error: 1.547e-01
  Absolute recursion error: 3.595e+02

  warnings.warn(
/capstor/scratch/cscs/luckeller/quatrex/src/qttools/boundary_conditions/boundary_system.py:352: RuntimeWarning: High error at rank 20 for left-slice(0, 437, None) of OBCSolver Spectral:
  Relative recursion error: 1.552e-01
  Absolute recursion error: 3.588e+02

  warnings.warn(
/capstor/scratch/cscs/luckeller/quatrex/src/qttools/boundary_conditions/boundary_system.py:352: RuntimeWarning: High error at rank 20 for left-slice(0, 437, None) of OBCSolver Spectral:
  Relative recursion error: 1.555e-01
  Absolute recursion error: 3.591e+02

  warnings.warn(
/capstor/scratch/cscs/luckeller/quatrex/src/qttools/boundary_conditions/boundary_system.py:352: RuntimeWarning: High error at rank 20 for left-slice(0, 437, None) of OBCSolver Spectral:
  Relative recursion error: 1.548e-01
  Absolute recursion error: 3.590e+02

  warnings.warn(
/capstor/scratch/cscs/luckeller/quatrex/src/qttools/boundary_conditions/boundary_system.py:352: RuntimeWarning: High error at rank 20 for left-slice(0, 437, None) of OBCSolver Spectral:
  Relative recursion error: 1.548e-01
  Absolute recursion error: 3.594e+02

  warnings.warn(
/capstor/scratch/cscs/luckeller/quatrex/src/qttools/boundary_conditions/boundary_system.py:352: RuntimeWarning: High error at rank 20 for left-slice(0, 437, None) of OBCSolver Spectral:
  Relative recursion error: 1.550e-01
  Absolute recursion error: 3.593e+02

  warnings.warn(
/capstor/scratch/cscs/luckeller/quatrex/src/qttools/boundary_conditions/boundary_system.py:352: RuntimeWarning: High error at rank 20 for left-slice(0, 437, None) of OBCSolver Spectral:
  Relative recursion error: 1.547e-01
  Absolute recursion error: 3.593e+02

  warnings.warn(
/capstor/scratch/cscs/luckeller/quatrex/src/qttools/boundary_conditions/boundary_system.py:352: RuntimeWarning: High error at rank 20 for left-slice(0, 437, None) of OBCSolver Spectral:
  Relative recursion error: 1.548e-01
  Absolute recursion error: 3.595e+02

  warnings.warn(
/capstor/scratch/cscs/luckeller/quatrex/src/qttools/boundary_conditions/boundary_system.py:352: RuntimeWarning: High error at rank 20 for left-slice(0, 437, None) of OBCSolver Spectral:
  Relative recursion error: 1.548e-01
  Absolute recursion error: 3.594e+02

  warnings.warn(
/capstor/scratch/cscs/luckeller/quatrex/src/qttools/boundary_conditions/boundary_system.py:352: RuntimeWarning: High error at rank 20 for left-slice(0, 437, None) of OBCSolver Spectral:
  Relative recursion error: 1.550e-01
  Absolute recursion error: 3.598e+02

  warnings.warn(
/capstor/scratch/cscs/luckeller/quatrex/src/qttools/boundary_conditions/boundary_system.py:352: RuntimeWarning: High error at rank 20 for left-slice(0, 437, None) of OBCSolver Spectral:
  Relative recursion error: 1.548e-01
  Absolute recursion error: 3.593e+02

  warnings.warn(
/capstor/scratch/cscs/luckeller/quatrex/src/qttools/boundary_conditions/boundary_system.py:352: RuntimeWarning: High error at rank 20 for left-slice(0, 437, None) of OBCSolver Spectral:
  Relative recursion error: 1.552e-01
  Absolute recursion error: 3.595e+02

  warnings.warn(
/capstor/scratch/cscs/luckeller/quatrex/src/qttools/boundary_conditions/boundary_system.py:352: RuntimeWarning: High error at rank 20 for left-slice(0, 437, None) of OBCSolver Spectral:
  Relative recursion error: 1.547e-01
  Absolute recursion error: 3.594e+02

  warnings.warn(
/capstor/scratch/cscs/luckeller/quatrex/src/qttools/boundary_conditions/boundary_system.py:352: RuntimeWarning: High error at rank 20 for left-slice(0, 437, None) of OBCSolver Spectral:
  Relative recursion error: 1.550e-01
  Absolute recursion error: 3.590e+02

  warnings.warn(
/capstor/scratch/cscs/luckeller/quatrex/src/qttools/boundary_conditions/boundary_system.py:352: RuntimeWarning: High error at rank 20 for left-slice(0, 437, None) of OBCSolver Spectral:
  Relative recursion error: 1.548e-01
  Absolute recursion error: 3.593e+02

  warnings.warn(
/capstor/scratch/cscs/luckeller/quatrex/src/qttools/boundary_conditions/boundary_system.py:352: RuntimeWarning: High error at rank 20 for left-slice(0, 437, None) of OBCSolver Spectral:
  Relative recursion error: 1.554e-01
  Absolute recursion error: 3.594e+02

  warnings.warn(
/capstor/scratch/cscs/luckeller/quatrex/src/qttools/boundary_conditions/boundary_system.py:352: RuntimeWarning: High error at rank 20 for left-slice(0, 437, None) of OBCSolver Spectral:
  Relative recursion error: 1.549e-01
  Absolute recursion error: 3.590e+02

  warnings.warn(
/capstor/scratch/cscs/luckeller/quatrex/src/qttools/boundary_conditions/boundary_system.py:352: RuntimeWarning: High error at rank 20 for left-slice(0, 437, None) of OBCSolver Spectral:
  Relative recursion error: 1.551e-01
  Absolute recursion error: 3.592e+02

  warnings.warn(
/capstor/scratch/cscs/luckeller/quatrex/src/qttools/boundary_conditions/boundary_system.py:352: RuntimeWarning: High error at rank 20 for left-slice(0, 437, None) of OBCSolver Spectral:
  Relative recursion error: 1.549e-01
  Absolute recursion error: 3.592e+02

  warnings.warn(
/capstor/scratch/cscs/luckeller/quatrex/src/qttools/boundary_conditions/boundary_system.py:352: RuntimeWarning: High error at rank 20 for left-slice(0, 437, None) of OBCSolver Spectral:
  Relative recursion error: 1.550e-01
  Absolute recursion error: 3.593e+02

  warnings.warn(
/capstor/scratch/cscs/luckeller/quatrex/src/qttools/boundary_conditions/boundary_system.py:352: RuntimeWarning: High error at rank 20 for left-slice(0, 437, None) of OBCSolver Spectral:
  Relative recursion error: 1.552e-01
  Absolute recursion error: 3.596e+02

  warnings.warn(
/capstor/scratch/cscs/luckeller/quatrex/src/qttools/boundary_conditions/boundary_system.py:352: RuntimeWarning: High error at rank 20 for left-slice(0, 437, None) of OBCSolver Spectral:
  Relative recursion error: 1.547e-01
  Absolute recursion error: 3.591e+02

  warnings.warn(
/capstor/scratch/cscs/luckeller/quatrex/src/qttools/boundary_conditions/boundary_system.py:352: RuntimeWarning: High error at rank 20 for left-slice(0, 437, None) of OBCSolver Spectral:
  Relative recursion error: 1.551e-01
  Absolute recursion error: 3.597e+02

  warnings.warn(
/capstor/scratch/cscs/luckeller/quatrex/src/qttools/boundary_conditions/boundary_system.py:352: RuntimeWarning: High error at rank 20 for left-slice(0, 437, None) of OBCSolver Spectral:
  Relative recursion error: 1.556e-01
  Absolute recursion error: 3.597e+02

  warnings.warn(
/capstor/scratch/cscs/luckeller/quatrex/src/qttools/boundary_conditions/boundary_system.py:352: RuntimeWarning: High error at rank 20 for left-slice(0, 437, None) of OBCSolver Spectral:
  Relative recursion error: 1.550e-01
  Absolute recursion error: 3.597e+02

  warnings.warn(
/capstor/scratch/cscs/luckeller/quatrex/src/qttools/boundary_conditions/boundary_system.py:352: RuntimeWarning: High error at rank 20 for left-slice(0, 437, None) of OBCSolver Spectral:
  Relative recursion error: 1.551e-01
  Absolute recursion error: 3.597e+02

  warnings.warn(
/capstor/scratch/cscs/luckeller/quatrex/src/qttools/boundary_conditions/boundary_system.py:352: RuntimeWarning: High error at rank 20 for left-slice(0, 437, None) of OBCSolver Spectral:
  Relative recursion error: 1.550e-01
  Absolute recursion error: 3.597e+02

  warnings.warn(
/capstor/scratch/cscs/luckeller/quatrex/src/qttools/boundary_conditions/boundary_system.py:352: RuntimeWarning: High error at rank 20 for left-slice(0, 437, None) of OBCSolver Spectral:
  Relative recursion error: 1.554e-01
  Absolute recursion error: 3.599e+02

  warnings.warn(
/capstor/scratch/cscs/luckeller/quatrex/src/qttools/boundary_conditions/boundary_system.py:352: RuntimeWarning: High error at rank 20 for left-slice(0, 437, None) of OBCSolver Spectral:
  Relative recursion error: 1.548e-01
  Absolute recursion error: 3.596e+02

  warnings.warn(
/capstor/scratch/cscs/luckeller/quatrex/src/qttools/boundary_conditions/boundary_system.py:352: RuntimeWarning: High error at rank 20 for left-slice(0, 437, None) of OBCSolver Spectral:
  Relative recursion error: 1.550e-01
  Absolute recursion error: 3.595e+02

  warnings.warn(
/capstor/scratch/cscs/luckeller/quatrex/src/qttools/boundary_conditions/boundary_system.py:352: RuntimeWarning: High error at rank 20 for left-slice(0, 437, None) of OBCSolver Spectral:
  Relative recursion error: 1.548e-01
  Absolute recursion error: 3.594e+02

  warnings.warn(
/capstor/scratch/cscs/luckeller/quatrex/src/qttools/boundary_conditions/boundary_system.py:352: RuntimeWarning: High error at rank 20 for left-slice(0, 437, None) of OBCSolver Spectral:
  Relative recursion error: 1.550e-01
  Absolute recursion error: 3.595e+02

  warnings.warn(
/capstor/scratch/cscs/luckeller/quatrex/src/qttools/boundary_conditions/boundary_system.py:352: RuntimeWarning: High error at rank 20 for left-slice(0, 437, None) of OBCSolver Spectral:
  Relative recursion error: 1.548e-01
  Absolute recursion error: 3.592e+02

  warnings.warn(
/capstor/scratch/cscs/luckeller/quatrex/src/qttools/boundary_conditions/boundary_system.py:352: RuntimeWarning: High error at rank 20 for left-slice(0, 437, None) of OBCSolver Spectral:
  Relative recursion error: 1.552e-01
  Absolute recursion error: 3.599e+02

  warnings.warn(
/capstor/scratch/cscs/luckeller/quatrex/src/qttools/boundary_conditions/boundary_system.py:352: RuntimeWarning: High error at rank 20 for left-slice(0, 437, None) of OBCSolver Spectral:
  Relative recursion error: 1.549e-01
  Absolute recursion error: 3.599e+02

  warnings.warn(
/capstor/scratch/cscs/luckeller/quatrex/src/qttools/boundary_conditions/boundary_system.py:352: RuntimeWarning: High error at rank 20 for left-slice(0, 437, None) of OBCSolver Spectral:
  Relative recursion error: 1.552e-01
  Absolute recursion error: 3.593e+02

  warnings.warn(
/capstor/scratch/cscs/luckeller/quatrex/src/qttools/boundary_conditions/boundary_system.py:352: RuntimeWarning: High error at rank 20 for left-slice(0, 437, None) of OBCSolver Spectral:
  Relative recursion error: 1.546e-01
  Absolute recursion error: 3.595e+02

  warnings.warn(
/capstor/scratch/cscs/luckeller/quatrex/src/qttools/boundary_conditions/boundary_system.py:352: RuntimeWarning: High error at rank 20 for left-slice(0, 437, None) of OBCSolver Spectral:
  Relative recursion error: 1.550e-01
  Absolute recursion error: 3.593e+02

  warnings.warn(
/capstor/scratch/cscs/luckeller/quatrex/src/qttools/boundary_conditions/boundary_system.py:352: RuntimeWarning: High error at rank 20 for left-slice(0, 437, None) of OBCSolver Spectral:
  Relative recursion error: 1.547e-01
  Absolute recursion error: 3.594e+02

  warnings.warn(
/capstor/scratch/cscs/luckeller/quatrex/src/qttools/boundary_conditions/boundary_system.py:352: RuntimeWarning: High error at rank 20 for left-slice(0, 437, None) of OBCSolver Spectral:
  Relative recursion error: 1.550e-01
  Absolute recursion error: 3.594e+02

  warnings.warn(
/capstor/scratch/cscs/luckeller/quatrex/src/qttools/boundary_conditions/boundary_system.py:352: RuntimeWarning: High error at rank 20 for left-slice(0, 437, None) of OBCSolver Spectral:
  Relative recursion error: 1.546e-01
  Absolute recursion error: 3.595e+02

  warnings.warn(
/capstor/scratch/cscs/luckeller/quatrex/src/qttools/boundary_conditions/boundary_system.py:352: RuntimeWarning: High error at rank 20 for left-slice(0, 437, None) of OBCSolver Spectral:
  Relative recursion error: 1.552e-01
  Absolute recursion error: 3.595e+02

  warnings.warn(
/capstor/scratch/cscs/luckeller/quatrex/src/qttools/boundary_conditions/boundary_system.py:352: RuntimeWarning: High error at rank 20 for left-slice(0, 437, None) of OBCSolver Spectral:
  Relative recursion error: 1.549e-01
  Absolute recursion error: 3.594e+02

  warnings.warn(
